node.exe : ΓÜá 
Warning: Next.js 
inferred your 
workspace root, but it 
may not be correct.
At line:1 char:1
+ & "C:\Program 
Files\nodejs/node.exe" 
"C:\Program 
Files\nodejs/node_mo 
...
+ ~~~~~~~~~~~~~~~~~~~~~
~~~~~~~~~~~~~~~~~~~~~~~
~~~~~~~~~~~~~~~~~~~~~~~
~~
    + CategoryInfo     
         : NotSpecifi  
  ed: (ΓÜá Warning:    
 Ne...not be correc    
t.:String) [], Rem    
oteException
    + FullyQualifiedEr 
   rorId : NativeComm  
  andError
 
 We detected multiple 
lockfiles and selected 
the directory of C:\Use
rs\DELL\package-lock.js
on as the root 
directory.
 To silence this 
warning, set 
`turbopack.root` in 
your Next.js config, 
or consider removing 
one of the lockfiles 
if it's not needed.
   See https://nextjs.o
rg/docs/app/api-referen
ce/config/next-config-j
s/turbopack#root-direct
ory for more 
information.
 Detected additional 
lockfiles: 
   * C:\Users\DELL\Down
loads\website\website\p
ackage-lock.json

Γû▓ Next.js 16.1.1 (Turbopack)
- Environments: .env.local

  Creating an optimized production build ...

> Build error occurred
Error: Turbopack build 
failed with 10 errors:
./Downloads/website/web
site/app/profile/page.j
s:8:1
Export changePassword 
doesn't exist in 
target module
[0m [90m  6 |[39m 
[36mimport[39m 
[33mButton[39m 
[36mfrom[39m [32m'@/
components/UI/Button'[
39m[33m;[39m
 [90m  7 |[39m 
[36mimport[39m 
[33mInput[39m 
[36mfrom[39m [32m'@/
components/UI/Input'[3
9m[33m;[39m
[31m[1m>[22m[39m[9
0m  8 |[39m 
[36mimport[39m { chan
gePassword[33m,[39m g
etCareerPaths[33m,[39
m 
getProfile[33m,[39m u
pdateProfile[33m,[39m
 clearAccessToken } 
[36mfrom[39m [32m'@/
utils/authClient'[39m
[33m;[39m
 [90m    |[39m [31m
[1m^[22m[39m[31m[1m
^[22m[39m[31m[1m^[
22m[39m[31m[1m^[22m
[39m[31m[1m^[22m[3
9m[31m[1m^[22m[39m
[31m[1m^[22m[39m[31
m[1m^[22m[39m[31m[
1m^[22m[39m[31m[1m^
[22m[39m[31m[1m^[2
2m[39m[31m[1m^[22m
[39m[31m[1m^[22m[39
m[31m[1m^[22m[39m[
31m[1m^[22m[39m[31m
[1m^[22m[39m[31m[1
m^[22m[39m[31m[1m^
[22m[39m[31m[1m^[22
m[39m[31m[1m^[22m[
39m[31m[1m^[22m[39m
[31m[1m^[22m[39m[3
1m[1m^[22m[39m[31m
[1m^[22m[39m[31m[1m
^[22m[39m[31m[1m^[
22m[39m[31m[1m^[22m
[39m[31m[1m^[22m[3
9m[31m[1m^[22m[39m
[31m[1m^[22m[39m[31
m[1m^[22m[39m[31m[
1m^[22m[39m[31m[1m^
[22m[39m[31m[1m^[2
2m[39m[31m[1m^[22m
[39m[31m[1m^[22m[39
m[31m[1m^[22m[39m[
31m[1m^[22m[39m[31m
[1m^[22m[39m[31m[1
m^[22m[39m[31m[1m^
[22m[39m[31m[1m^[22
m[39m[31m[1m^[22m[
39m[31m[1m^[22m[39m
[31m[1m^[22m[39m[3
1m[1m^[22m[39m[31m
[1m^[22m[39m[31m[1m
^[22m[39m[31m[1m^[
22m[39m[31m[1m^[22m
[39m[31m[1m^[22m[3
9m[31m[1m^[22m[39m
[31m[1m^[22m[39m[31
m[1m^[22m[39m[31m[
1m^[22m[39m[31m[1m^
[22m[39m[31m[1m^[2
2m[39m[31m[1m^[22m
[39m[31m[1m^[22m[39
m[31m[1m^[22m[39m[
31m[1m^[22m[39m[31m
[1m^[22m[39m[31m[1
m^[22m[39m[31m[1m^
[22m[39m[31m[1m^[22
m[39m[31m[1m^[22m[
39m[31m[1m^[22m[39m
[31m[1m^[22m[39m[3
1m[1m^[22m[39m[31m
[1m^[22m[39m[31m[1m
^[22m[39m[31m[1m^[
22m[39m[31m[1m^[22m
[39m[31m[1m^[22m[3
9m[31m[1m^[22m[39m
[31m[1m^[22m[39m[31
m[1m^[22m[39m[31m[
1m^[22m[39m[31m[1m^
[22m[39m[31m[1m^[2
2m[39m[31m[1m^[22m
[39m[31m[1m^[22m[39
m[31m[1m^[22m[39m[
31m[1m^[22m[39m[31m
[1m^[22m[39m[31m[1
m^[22m[39m[31m[1m^
[22m[39m[31m[1m^[22
m[39m[31m[1m^[22m[
39m[31m[1m^[22m[39m
[31m[1m^[22m[39m[3
1m[1m^[22m[39m[31m
[1m^[22m[39m[31m[1m
^[22m[39m[31m[1m^[
22m[39m[31m[1m^[22m
[39m[31m[1m^[22m[3
9m[31m[1m^[22m[39m
[31m[1m^[22m[39m[31
m[1m^[22m[39m[31m[
1m^[22m[39m[31m[1m^
[22m[39m[31m[1m^[2
2m[39m[31m[1m^[22m
[39m[31m[1m^[22m[39
m[31m[1m^[22m[39m[
31m[1m^[22m[39m[31m
[1m^[22m[39m[31m[1
m^[22m[39m[31m[1m^
[22m[39m[31m[1m^[22
m[39m[31m[1m^[22m[
39m[31m[1m^[22m[39m
 [90m  9 |[39m
 [90m 10 |[39m 
[36mexport[39m 
[36mdefault[39m 
[36mfunction[39m [33
mProfilePage[39m() {
 [90m 11 |[39m   
[36mconst[39m router 
[33m=[39m useRouter()
[33m;[39m[0m

The export 
changePassword was not 
found in module [projec
t]/Downloads/website/we
bsite/utils/authClient.
js [app-client] 
(ecmascript).
Did you mean to import 
clearChatHistory?
All exports of the 
module are statically 
known (It doesn't have 
dynamic exports). So 
it's known statically 
that the requested 
export doesn't exist.

Import traces:
  Client Component 
Browser:
    ./Downloads/website
/website/app/profile/pa
ge.js [Client 
Component Browser]
    ./Downloads/website
/website/app/profile/pa
ge.js [Server 
Component]

  Client Component SSR:
    ./Downloads/website
/website/app/profile/pa
ge.js [Client 
Component SSR]
    ./Downloads/website
/website/app/profile/pa
ge.js [Server 
Component]


./Downloads/website/web
site/app/profile/page.j
s:8:1
Export changePassword 
doesn't exist in 
target module
[0m [90m  6 |[39m 
[36mimport[39m 
[33mButton[39m 
[36mfrom[39m [32m'@/
components/UI/Button'[
39m[33m;[39m
 [90m  7 |[39m 
[36mimport[39m 
[33mInput[39m 
[36mfrom[39m [32m'@/
components/UI/Input'[3
9m[33m;[39m
[31m[1m>[22m[39m[9
0m  8 |[39m 
[36mimport[39m { chan
gePassword[33m,[39m g
etCareerPaths[33m,[39
m 
getProfile[33m,[39m u
pdateProfile[33m,[39m
 clearAccessToken } 
[36mfrom[39m [32m'@/
utils/authClient'[39m
[33m;[39m
 [90m    |[39m [31m
[1m^[22m[39m[31m[1m
^[22m[39m[31m[1m^[
22m[39m[31m[1m^[22m
[39m[31m[1m^[22m[3
9m[31m[1m^[22m[39m
[31m[1m^[22m[39m[31
m[1m^[22m[39m[31m[
1m^[22m[39m[31m[1m^
[22m[39m[31m[1m^[2
2m[39m[31m[1m^[22m
[39m[31m[1m^[22m[39
m[31m[1m^[22m[39m[
31m[1m^[22m[39m[31m
[1m^[22m[39m[31m[1
m^[22m[39m[31m[1m^
[22m[39m[31m[1m^[22
m[39m[31m[1m^[22m[
39m[31m[1m^[22m[39m
[31m[1m^[22m[39m[3
1m[1m^[22m[39m[31m
[1m^[22m[39m[31m[1m
^[22m[39m[31m[1m^[
22m[39m[31m[1m^[22m
[39m[31m[1m^[22m[3
9m[31m[1m^[22m[39m
[31m[1m^[22m[39m[31
m[1m^[22m[39m[31m[
1m^[22m[39m[31m[1m^
[22m[39m[31m[1m^[2
2m[39m[31m[1m^[22m
[39m[31m[1m^[22m[39
m[31m[1m^[22m[39m[
31m[1m^[22m[39m[31m
[1m^[22m[39m[31m[1
m^[22m[39m[31m[1m^
[22m[39m[31m[1m^[22
m[39m[31m[1m^[22m[
39m[31m[1m^[22m[39m
[31m[1m^[22m[39m[3
1m[1m^[22m[39m[31m
[1m^[22m[39m[31m[1m
^[22m[39m[31m[1m^[
22m[39m[31m[1m^[22m
[39m[31m[1m^[22m[3
9m[31m[1m^[22m[39m
[31m[1m^[22m[39m[31
m[1m^[22m[39m[31m[
1m^[22m[39m[31m[1m^
[22m[39m[31m[1m^[2
2m[39m[31m[1m^[22m
[39m[31m[1m^[22m[39
m[31m[1m^[22m[39m[
31m[1m^[22m[39m[31m
[1m^[22m[39m[31m[1
m^[22m[39m[31m[1m^
[22m[39m[31m[1m^[22
m[39m[31m[1m^[22m[
39m[31m[1m^[22m[39m
[31m[1m^[22m[39m[3
1m[1m^[22m[39m[31m
[1m^[22m[39m[31m[1m
^[22m[39m[31m[1m^[
22m[39m[31m[1m^[22m
[39m[31m[1m^[22m[3
9m[31m[1m^[22m[39m
[31m[1m^[22m[39m[31
m[1m^[22m[39m[31m[
1m^[22m[39m[31m[1m^
[22m[39m[31m[1m^[2
2m[39m[31m[1m^[22m
[39m[31m[1m^[22m[39
m[31m[1m^[22m[39m[
31m[1m^[22m[39m[31m
[1m^[22m[39m[31m[1
m^[22m[39m[31m[1m^
[22m[39m[31m[1m^[22
m[39m[31m[1m^[22m[
39m[31m[1m^[22m[39m
[31m[1m^[22m[39m[3
1m[1m^[22m[39m[31m
[1m^[22m[39m[31m[1m
^[22m[39m[31m[1m^[
22m[39m[31m[1m^[22m
[39m[31m[1m^[22m[3
9m[31m[1m^[22m[39m
[31m[1m^[22m[39m[31
m[1m^[22m[39m[31m[
1m^[22m[39m[31m[1m^
[22m[39m[31m[1m^[2
2m[39m[31m[1m^[22m
[39m[31m[1m^[22m[39
m[31m[1m^[22m[39m[
31m[1m^[22m[39m[31m
[1m^[22m[39m[31m[1
m^[22m[39m[31m[1m^
[22m[39m[31m[1m^[22
m[39m[31m[1m^[22m[
39m[31m[1m^[22m[39m
 [90m  9 |[39m
 [90m 10 |[39m 
[36mexport[39m 
[36mdefault[39m 
[36mfunction[39m [33
mProfilePage[39m() {
 [90m 11 |[39m   
[36mconst[39m router 
[33m=[39m useRouter()
[33m;[39m[0m

The export 
changePassword was not 
found in module [projec
t]/Downloads/website/we
bsite/utils/authClient.
js [app-ssr] 
(ecmascript).
Did you mean to import 
clearChatHistory?
All exports of the 
module are statically 
known (It doesn't have 
dynamic exports). So 
it's known statically 
that the requested 
export doesn't exist.

Import traces:
  Client Component 
Browser:
    ./Downloads/website
/website/app/profile/pa
ge.js [Client 
Component Browser]
    ./Downloads/website
/website/app/profile/pa
ge.js [Server 
Component]

  Client Component SSR:
    ./Downloads/website
/website/app/profile/pa
ge.js [Client 
Component SSR]
    ./Downloads/website
/website/app/profile/pa
ge.js [Server 
Component]


./Downloads/website/web
site/app/profile/page.j
s:8:1
Export 
clearAccessToken 
doesn't exist in 
target module
[0m [90m  6 |[39m 
[36mimport[39m 
[33mButton[39m 
[36mfrom[39m [32m'@/
components/UI/Button'[
39m[33m;[39m
 [90m  7 |[39m 
[36mimport[39m 
[33mInput[39m 
[36mfrom[39m [32m'@/
components/UI/Input'[3
9m[33m;[39m
[31m[1m>[22m[39m[9
0m  8 |[39m 
[36mimport[39m { chan
gePassword[33m,[39m g
etCareerPaths[33m,[39
m 
getProfile[33m,[39m u
pdateProfile[33m,[39m
 clearAccessToken } 
[36mfrom[39m [32m'@/
utils/authClient'[39m
[33m;[39m
 [90m    |[39m [31m
[1m^[22m[39m[31m[1m
^[22m[39m[31m[1m^[
22m[39m[31m[1m^[22m
[39m[31m[1m^[22m[3
9m[31m[1m^[22m[39m
[31m[1m^[22m[39m[31
m[1m^[22m[39m[31m[
1m^[22m[39m[31m[1m^
[22m[39m[31m[1m^[2
2m[39m[31m[1m^[22m
[39m[31m[1m^[22m[39
m[31m[1m^[22m[39m[
31m[1m^[22m[39m[31m
[1m^[22m[39m[31m[1
m^[22m[39m[31m[1m^
[22m[39m[31m[1m^[22
m[39m[31m[1m^[22m[
39m[31m[1m^[22m[39m
[31m[1m^[22m[39m[3
1m[1m^[22m[39m[31m
[1m^[22m[39m[31m[1m
^[22m[39m[31m[1m^[
22m[39m[31m[1m^[22m
[39m[31m[1m^[22m[3
9m[31m[1m^[22m[39m
[31m[1m^[22m[39m[31
m[1m^[22m[39m[31m[
1m^[22m[39m[31m[1m^
[22m[39m[31m[1m^[2
2m[39m[31m[1m^[22m
[39m[31m[1m^[22m[39
m[31m[1m^[22m[39m[
31m[1m^[22m[39m[31m
[1m^[22m[39m[31m[1
m^[22m[39m[31m[1m^
[22m[39m[31m[1m^[22
m[39m[31m[1m^[22m[
39m[31m[1m^[22m[39m
[31m[1m^[22m[39m[3
1m[1m^[22m[39m[31m
[1m^[22m[39m[31m[1m
^[22m[39m[31m[1m^[
22m[39m[31m[1m^[22m
[39m[31m[1m^[22m[3
9m[31m[1m^[22m[39m
[31m[1m^[22m[39m[31
m[1m^[22m[39m[31m[
1m^[22m[39m[31m[1m^
[22m[39m[31m[1m^[2
2m[39m[31m[1m^[22m
[39m[31m[1m^[22m[39
m[31m[1m^[22m[39m[
31m[1m^[22m[39m[31m
[1m^[22m[39m[31m[1
m^[22m[39m[31m[1m^
[22m[39m[31m[1m^[22
m[39m[31m[1m^[22m[
39m[31m[1m^[22m[39m
[31m[1m^[22m[39m[3
1m[1m^[22m[39m[31m
[1m^[22m[39m[31m[1m
^[22m[39m[31m[1m^[
22m[39m[31m[1m^[22m
[39m[31m[1m^[22m[3
9m[31m[1m^[22m[39m
[31m[1m^[22m[39m[31
m[1m^[22m[39m[31m[
1m^[22m[39m[31m[1m^
[22m[39m[31m[1m^[2
2m[39m[31m[1m^[22m
[39m[31m[1m^[22m[39
m[31m[1m^[22m[39m[
31m[1m^[22m[39m[31m
[1m^[22m[39m[31m[1
m^[22m[39m[31m[1m^
[22m[39m[31m[1m^[22
m[39m[31m[1m^[22m[
39m[31m[1m^[22m[39m
[31m[1m^[22m[39m[3
1m[1m^[22m[39m[31m
[1m^[22m[39m[31m[1m
^[22m[39m[31m[1m^[
22m[39m[31m[1m^[22m
[39m[31m[1m^[22m[3
9m[31m[1m^[22m[39m
[31m[1m^[22m[39m[31
m[1m^[22m[39m[31m[
1m^[22m[39m[31m[1m^
[22m[39m[31m[1m^[2
2m[39m[31m[1m^[22m
[39m[31m[1m^[22m[39
m[31m[1m^[22m[39m[
31m[1m^[22m[39m[31m
[1m^[22m[39m[31m[1
m^[22m[39m[31m[1m^
[22m[39m[31m[1m^[22
m[39m[31m[1m^[22m[
39m[31m[1m^[22m[39m
 [90m  9 |[39m
 [90m 10 |[39m 
[36mexport[39m 
[36mdefault[39m 
[36mfunction[39m [33
mProfilePage[39m() {
 [90m 11 |[39m   
[36mconst[39m router 
[33m=[39m useRouter()
[33m;[39m[0m

The export 
clearAccessToken was 
not found in module [pr
oject]/Downloads/websit
e/website/utils/authCli
ent.js [app-client] 
(ecmascript).
Did you mean to import 
clearChatHistory?
All exports of the 
module are statically 
known (It doesn't have 
dynamic exports). So 
it's known statically 
that the requested 
export doesn't exist.

Import traces:
  Client Component 
Browser:
    ./Downloads/website
/website/app/profile/pa
ge.js [Client 
Component Browser]
    ./Downloads/website
/website/app/profile/pa
ge.js [Server 
Component]

  Client Component SSR:
    ./Downloads/website
/website/app/profile/pa
ge.js [Client 
Component SSR]
    ./Downloads/website
/website/app/profile/pa
ge.js [Server 
Component]


./Downloads/website/web
site/app/profile/page.j
s:8:1
Export 
clearAccessToken 
doesn't exist in 
target module
[0m [90m  6 |[39m 
[36mimport[39m 
[33mButton[39m 
[36mfrom[39m [32m'@/
components/UI/Button'[
39m[33m;[39m
 [90m  7 |[39m 
[36mimport[39m 
[33mInput[39m 
[36mfrom[39m [32m'@/
components/UI/Input'[3
9m[33m;[39m
[31m[1m>[22m[39m[9
0m  8 |[39m 
[36mimport[39m { chan
gePassword[33m,[39m g
etCareerPaths[33m,[39
m 
getProfile[33m,[39m u
pdateProfile[33m,[39m
 clearAccessToken } 
[36mfrom[39m [32m'@/
utils/authClient'[39m
[33m;[39m
 [90m    |[39m [31m
[1m^[22m[39m[31m[1m
^[22m[39m[31m[1m^[
22m[39m[31m[1m^[22m
[39m[31m[1m^[22m[3
9m[31m[1m^[22m[39m
[31m[1m^[22m[39m[31
m[1m^[22m[39m[31m[
1m^[22m[39m[31m[1m^
[22m[39m[31m[1m^[2
2m[39m[31m[1m^[22m
[39m[31m[1m^[22m[39
m[31m[1m^[22m[39m[
31m[1m^[22m[39m[31m
[1m^[22m[39m[31m[1
m^[22m[39m[31m[1m^
[22m[39m[31m[1m^[22
m[39m[31m[1m^[22m[
39m[31m[1m^[22m[39m
[31m[1m^[22m[39m[3
1m[1m^[22m[39m[31m
[1m^[22m[39m[31m[1m
^[22m[39m[31m[1m^[
22m[39m[31m[1m^[22m
[39m[31m[1m^[22m[3
9m[31m[1m^[22m[39m
[31m[1m^[22m[39m[31
m[1m^[22m[39m[31m[
1m^[22m[39m[31m[1m^
[22m[39m[31m[1m^[2
2m[39m[31m[1m^[22m
[39m[31m[1m^[22m[39
m[31m[1m^[22m[39m[
31m[1m^[22m[39m[31m
[1m^[22m[39m[31m[1
m^[22m[39m[31m[1m^
[22m[39m[31m[1m^[22
m[39m[31m[1m^[22m[
39m[31m[1m^[22m[39m
[31m[1m^[22m[39m[3
1m[1m^[22m[39m[31m
[1m^[22m[39m[31m[1m
^[22m[39m[31m[1m^[
22m[39m[31m[1m^[22m
[39m[31m[1m^[22m[3
9m[31m[1m^[22m[39m
[31m[1m^[22m[39m[31
m[1m^[22m[39m[31m[
1m^[22m[39m[31m[1m^
[22m[39m[31m[1m^[2
2m[39m[31m[1m^[22m
[39m[31m[1m^[22m[39
m[31m[1m^[22m[39m[
31m[1m^[22m[39m[31m
[1m^[22m[39m[31m[1
m^[22m[39m[31m[1m^
[22m[39m[31m[1m^[22
m[39m[31m[1m^[22m[
39m[31m[1m^[22m[39m
[31m[1m^[22m[39m[3
1m[1m^[22m[39m[31m
[1m^[22m[39m[31m[1m
^[22m[39m[31m[1m^[
22m[39m[31m[1m^[22m
[39m[31m[1m^[22m[3
9m[31m[1m^[22m[39m
[31m[1m^[22m[39m[31
m[1m^[22m[39m[31m[
1m^[22m[39m[31m[1m^
[22m[39m[31m[1m^[2
2m[39m[31m[1m^[22m
[39m[31m[1m^[22m[39
m[31m[1m^[22m[39m[
31m[1m^[22m[39m[31m
[1m^[22m[39m[31m[1
m^[22m[39m[31m[1m^
[22m[39m[31m[1m^[22
m[39m[31m[1m^[22m[
39m[31m[1m^[22m[39m
[31m[1m^[22m[39m[3
1m[1m^[22m[39m[31m
[1m^[22m[39m[31m[1m
^[22m[39m[31m[1m^[
22m[39m[31m[1m^[22m
[39m[31m[1m^[22m[3
9m[31m[1m^[22m[39m
[31m[1m^[22m[39m[31
m[1m^[22m[39m[31m[
1m^[22m[39m[31m[1m^
[22m[39m[31m[1m^[2
2m[39m[31m[1m^[22m
[39m[31m[1m^[22m[39
m[31m[1m^[22m[39m[
31m[1m^[22m[39m[31m
[1m^[22m[39m[31m[1
m^[22m[39m[31m[1m^
[22m[39m[31m[1m^[22
m[39m[31m[1m^[22m[
39m[31m[1m^[22m[39m
 [90m  9 |[39m
 [90m 10 |[39m 
[36mexport[39m 
[36mdefault[39m 
[36mfunction[39m [33
mProfilePage[39m() {
 [90m 11 |[39m   
[36mconst[39m router 
[33m=[39m useRouter()
[33m;[39m[0m

The export 
clearAccessToken was 
not found in module [pr
oject]/Downloads/websit
e/website/utils/authCli
ent.js [app-ssr] 
(ecmascript).
Did you mean to import 
clearChatHistory?
All exports of the 
module are statically 
known (It doesn't have 
dynamic exports). So 
it's known statically 
that the requested 
export doesn't exist.

Import traces:
  Client Component 
Browser:
    ./Downloads/website
/website/app/profile/pa
ge.js [Client 
Component Browser]
    ./Downloads/website
/website/app/profile/pa
ge.js [Server 
Component]

  Client Component SSR:
    ./Downloads/website
/website/app/profile/pa
ge.js [Client 
Component SSR]
    ./Downloads/website
/website/app/profile/pa
ge.js [Server 
Component]


./Downloads/website/web
site/app/profile/page.j
s:8:1
Export getCareerPaths 
doesn't exist in 
target module
[0m [90m  6 |[39m 
[36mimport[39m 
[33mButton[39m 
[36mfrom[39m [32m'@/
components/UI/Button'[
39m[33m;[39m
 [90m  7 |[39m 
[36mimport[39m 
[33mInput[39m 
[36mfrom[39m [32m'@/
components/UI/Input'[3
9m[33m;[39m
[31m[1m>[22m[39m[9
0m  8 |[39m 
[36mimport[39m { chan
gePassword[33m,[39m g
etCareerPaths[33m,[39
m 
getProfile[33m,[39m u
pdateProfile[33m,[39m
 clearAccessToken } 
[36mfrom[39m [32m'@/
utils/authClient'[39m
[33m;[39m
 [90m    |[39m [31m
[1m^[22m[39m[31m[1m
^[22m[39m[31m[1m^[
22m[39m[31m[1m^[22m
[39m[31m[1m^[22m[3
9m[31m[1m^[22m[39m
[31m[1m^[22m[39m[31
m[1m^[22m[39m[31m[
1m^[22m[39m[31m[1m^
[22m[39m[31m[1m^[2
2m[39m[31m[1m^[22m
[39m[31m[1m^[22m[39
m[31m[1m^[22m[39m[
31m[1m^[22m[39m[31m
[1m^[22m[39m[31m[1
m^[22m[39m[31m[1m^
[22m[39m[31m[1m^[22
m[39m[31m[1m^[22m[
39m[31m[1m^[22m[39m
[31m[1m^[22m[39m[3
1m[1m^[22m[39m[31m
[1m^[22m[39m[31m[1m
^[22m[39m[31m[1m^[
22m[39m[31m[1m^[22m
[39m[31m[1m^[22m[3
9m[31m[1m^[22m[39m
[31m[1m^[22m[39m[31
m[1m^[22m[39m[31m[
1m^[22m[39m[31m[1m^
[22m[39m[31m[1m^[2
2m[39m[31m[1m^[22m
[39m[31m[1m^[22m[39
m[31m[1m^[22m[39m[
31m[1m^[22m[39m[31m
[1m^[22m[39m[31m[1
m^[22m[39m[31m[1m^
[22m[39m[31m[1m^[22
m[39m[31m[1m^[22m[
39m[31m[1m^[22m[39m
[31m[1m^[22m[39m[3
1m[1m^[22m[39m[31m
[1m^[22m[39m[31m[1m
^[22m[39m[31m[1m^[
22m[39m[31m[1m^[22m
[39m[31m[1m^[22m[3
9m[31m[1m^[22m[39m
[31m[1m^[22m[39m[31
m[1m^[22m[39m[31m[
1m^[22m[39m[31m[1m^
[22m[39m[31m[1m^[2
2m[39m[31m[1m^[22m
[39m[31m[1m^[22m[39
m[31m[1m^[22m[39m[
31m[1m^[22m[39m[31m
[1m^[22m[39m[31m[1
m^[22m[39m[31m[1m^
[22m[39m[31m[1m^[22
m[39m[31m[1m^[22m[
39m[31m[1m^[22m[39m
[31m[1m^[22m[39m[3
1m[1m^[22m[39m[31m
[1m^[22m[39m[31m[1m
^[22m[39m[31m[1m^[
22m[39m[31m[1m^[22m
[39m[31m[1m^[22m[3
9m[31m[1m^[22m[39m
[31m[1m^[22m[39m[31
m[1m^[22m[39m[31m[
1m^[22m[39m[31m[1m^
[22m[39m[31m[1m^[2
2m[39m[31m[1m^[22m
[39m[31m[1m^[22m[39
m[31m[1m^[22m[39m[
31m[1m^[22m[39m[31m
[1m^[22m[39m[31m[1
m^[22m[39m[31m[1m^
[22m[39m[31m[1m^[22
m[39m[31m[1m^[22m[
39m[31m[1m^[22m[39m
[31m[1m^[22m[39m[3
1m[1m^[22m[39m[31m
[1m^[22m[39m[31m[1m
^[22m[39m[31m[1m^[
22m[39m[31m[1m^[22m
[39m[31m[1m^[22m[3
9m[31m[1m^[22m[39m
[31m[1m^[22m[39m[31
m[1m^[22m[39m[31m[
1m^[22m[39m[31m[1m^
[22m[39m[31m[1m^[2
2m[39m[31m[1m^[22m
[39m[31m[1m^[22m[39
m[31m[1m^[22m[39m[
31m[1m^[22m[39m[31m
[1m^[22m[39m[31m[1
m^[22m[39m[31m[1m^
[22m[39m[31m[1m^[22
m[39m[31m[1m^[22m[
39m[31m[1m^[22m[39m
 [90m  9 |[39m
 [90m 10 |[39m 
[36mexport[39m 
[36mdefault[39m 
[36mfunction[39m [33
mProfilePage[39m() {
 [90m 11 |[39m   
[36mconst[39m router 
[33m=[39m useRouter()
[33m;[39m[0m

The export 
getCareerPaths was not 
found in module [projec
t]/Downloads/website/we
bsite/utils/authClient.
js [app-client] 
(ecmascript).
Did you mean to import 
getCurrentUser?
All exports of the 
module are statically 
known (It doesn't have 
dynamic exports). So 
it's known statically 
that the requested 
export doesn't exist.

Import traces:
  Client Component 
Browser:
    ./Downloads/website
/website/app/profile/pa
ge.js [Client 
Component Browser]
    ./Downloads/website
/website/app/profile/pa
ge.js [Server 
Component]

  Client Component SSR:
    ./Downloads/website
/website/app/profile/pa
ge.js [Client 
Component SSR]
    ./Downloads/website
/website/app/profile/pa
ge.js [Server 
Component]


./Downloads/website/web
site/app/profile/page.j
s:8:1
Export getCareerPaths 
doesn't exist in 
target module
[0m [90m  6 |[39m 
[36mimport[39m 
[33mButton[39m 
[36mfrom[39m [32m'@/
components/UI/Button'[
39m[33m;[39m
 [90m  7 |[39m 
[36mimport[39m 
[33mInput[39m 
[36mfrom[39m [32m'@/
components/UI/Input'[3
9m[33m;[39m
[31m[1m>[22m[39m[9
0m  8 |[39m 
[36mimport[39m { chan
gePassword[33m,[39m g
etCareerPaths[33m,[39
m 
getProfile[33m,[39m u
pdateProfile[33m,[39m
 clearAccessToken } 
[36mfrom[39m [32m'@/
utils/authClient'[39m
[33m;[39m
 [90m    |[39m [31m
[1m^[22m[39m[31m[1m
^[22m[39m[31m[1m^[
22m[39m[31m[1m^[22m
[39m[31m[1m^[22m[3
9m[31m[1m^[22m[39m
[31m[1m^[22m[39m[31
m[1m^[22m[39m[31m[
1m^[22m[39m[31m[1m^
[22m[39m[31m[1m^[2
2m[39m[31m[1m^[22m
[39m[31m[1m^[22m[39
m[31m[1m^[22m[39m[
31m[1m^[22m[39m[31m
[1m^[22m[39m[31m[1
m^[22m[39m[31m[1m^
[22m[39m[31m[1m^[22
m[39m[31m[1m^[22m[
39m[31m[1m^[22m[39m
[31m[1m^[22m[39m[3
1m[1m^[22m[39m[31m
[1m^[22m[39m[31m[1m
^[22m[39m[31m[1m^[
22m[39m[31m[1m^[22m
[39m[31m[1m^[22m[3
9m[31m[1m^[22m[39m
[31m[1m^[22m[39m[31
m[1m^[22m[39m[31m[
1m^[22m[39m[31m[1m^
[22m[39m[31m[1m^[2
2m[39m[31m[1m^[22m
[39m[31m[1m^[22m[39
m[31m[1m^[22m[39m[
31m[1m^[22m[39m[31m
[1m^[22m[39m[31m[1
m^[22m[39m[31m[1m^
[22m[39m[31m[1m^[22
m[39m[31m[1m^[22m[
39m[31m[1m^[22m[39m
[31m[1m^[22m[39m[3
1m[1m^[22m[39m[31m
[1m^[22m[39m[31m[1m
^[22m[39m[31m[1m^[
22m[39m[31m[1m^[22m
[39m[31m[1m^[22m[3
9m[31m[1m^[22m[39m
[31m[1m^[22m[39m[31
m[1m^[22m[39m[31m[
1m^[22m[39m[31m[1m^
[22m[39m[31m[1m^[2
2m[39m[31m[1m^[22m
[39m[31m[1m^[22m[39
m[31m[1m^[22m[39m[
31m[1m^[22m[39m[31m
[1m^[22m[39m[31m[1
m^[22m[39m[31m[1m^
[22m[39m[31m[1m^[22
m[39m[31m[1m^[22m[
39m[31m[1m^[22m[39m
[31m[1m^[22m[39m[3
1m[1m^[22m[39m[31m
[1m^[22m[39m[31m[1m
^[22m[39m[31m[1m^[
22m[39m[31m[1m^[22m
[39m[31m[1m^[22m[3
9m[31m[1m^[22m[39m
[31m[1m^[22m[39m[31
m[1m^[22m[39m[31m[
1m^[22m[39m[31m[1m^
[22m[39m[31m[1m^[2
2m[39m[31m[1m^[22m
[39m[31m[1m^[22m[39
m[31m[1m^[22m[39m[
31m[1m^[22m[39m[31m
[1m^[22m[39m[31m[1
m^[22m[39m[31m[1m^
[22m[39m[31m[1m^[22
m[39m[31m[1m^[22m[
39m[31m[1m^[22m[39m
[31m[1m^[22m[39m[3
1m[1m^[22m[39m[31m
[1m^[22m[39m[31m[1m
^[22m[39m[31m[1m^[
22m[39m[31m[1m^[22m
[39m[31m[1m^[22m[3
9m[31m[1m^[22m[39m
[31m[1m^[22m[39m[31
m[1m^[22m[39m[31m[
1m^[22m[39m[31m[1m^
[22m[39m[31m[1m^[2
2m[39m[31m[1m^[22m
[39m[31m[1m^[22m[39
m[31m[1m^[22m[39m[
31m[1m^[22m[39m[31m
[1m^[22m[39m[31m[1
m^[22m[39m[31m[1m^
[22m[39m[31m[1m^[22
m[39m[31m[1m^[22m[
39m[31m[1m^[22m[39m
 [90m  9 |[39m
 [90m 10 |[39m 
[36mexport[39m 
[36mdefault[39m 
[36mfunction[39m [33
mProfilePage[39m() {
 [90m 11 |[39m   
[36mconst[39m router 
[33m=[39m useRouter()
[33m;[39m[0m

The export 
getCareerPaths was not 
found in module [projec
t]/Downloads/website/we
bsite/utils/authClient.
js [app-ssr] 
(ecmascript).
Did you mean to import 
getCurrentUser?
All exports of the 
module are statically 
known (It doesn't have 
dynamic exports). So 
it's known statically 
that the requested 
export doesn't exist.

Import traces:
  Client Component 
Browser:
    ./Downloads/website
/website/app/profile/pa
ge.js [Client 
Component Browser]
    ./Downloads/website
/website/app/profile/pa
ge.js [Server 
Component]

  Client Component SSR:
    ./Downloads/website
/website/app/profile/pa
ge.js [Client 
Component SSR]
    ./Downloads/website
/website/app/profile/pa
ge.js [Server 
Component]


./Downloads/website/web
site/app/onboarding/sig
nup/page.js:9:1
Export register 
doesn't exist in 
target module
[0m [90m  7 |[39m 
[36mimport[39m 
[33mButton[39m 
[36mfrom[39m [32m'@/
components/UI/Button'[
39m[33m;[39m
 [90m  8 |[39m 
[36mimport[39m 
useCareerStore 
[36mfrom[39m [32m'@/
store/careerStore'[39m
[33m;[39m
[31m[1m>[22m[39m[9
0m  9 |[39m 
[36mimport[39m { 
register[33m,[39m set
AccessToken[33m,[39m 
updateProfile } 
[36mfrom[39m [32m'@/
utils/authClient'[39m
[33m;[39m
 [90m    |[39m [31m
[1m^[22m[39m[31m[1m
^[22m[39m[31m[1m^[
22m[39m[31m[1m^[22m
[39m[31m[1m^[22m[3
9m[31m[1m^[22m[39m
[31m[1m^[22m[39m[31
m[1m^[22m[39m[31m[
1m^[22m[39m[31m[1m^
[22m[39m[31m[1m^[2
2m[39m[31m[1m^[22m
[39m[31m[1m^[22m[39
m[31m[1m^[22m[39m[
31m[1m^[22m[39m[31m
[1m^[22m[39m[31m[1
m^[22m[39m[31m[1m^
[22m[39m[31m[1m^[22
m[39m[31m[1m^[22m[
39m[31m[1m^[22m[39m
[31m[1m^[22m[39m[3
1m[1m^[22m[39m[31m
[1m^[22m[39m[31m[1m
^[22m[39m[31m[1m^[
22m[39m[31m[1m^[22m
[39m[31m[1m^[22m[3
9m[31m[1m^[22m[39m
[31m[1m^[22m[39m[31
m[1m^[22m[39m[31m[
1m^[22m[39m[31m[1m^
[22m[39m[31m[1m^[2
2m[39m[31m[1m^[22m
[39m[31m[1m^[22m[39
m[31m[1m^[22m[39m[
31m[1m^[22m[39m[31m
[1m^[22m[39m[31m[1
m^[22m[39m[31m[1m^
[22m[39m[31m[1m^[22
m[39m[31m[1m^[22m[
39m[31m[1m^[22m[39m
[31m[1m^[22m[39m[3
1m[1m^[22m[39m[31m
[1m^[22m[39m[31m[1m
^[22m[39m[31m[1m^[
22m[39m[31m[1m^[22m
[39m[31m[1m^[22m[3
9m[31m[1m^[22m[39m
[31m[1m^[22m[39m[31
m[1m^[22m[39m[31m[
1m^[22m[39m[31m[1m^
[22m[39m[31m[1m^[2
2m[39m[31m[1m^[22m
[39m[31m[1m^[22m[39
m[31m[1m^[22m[39m[
31m[1m^[22m[39m[31m
[1m^[22m[39m[31m[1
m^[22m[39m[31m[1m^
[22m[39m[31m[1m^[22
m[39m[31m[1m^[22m[
39m[31m[1m^[22m[39m
[31m[1m^[22m[39m[3
1m[1m^[22m[39m[31m
[1m^[22m[39m[31m[1m
^[22m[39m[31m[1m^[
22m[39m[31m[1m^[22m
[39m[31m[1m^[22m[3
9m[31m[1m^[22m[39m
[31m[1m^[22m[39m[31
m[1m^[22m[39m
 [90m 10 |[39m
 [90m 11 |[39m 
[36mexport[39m 
[36mdefault[39m 
[36mfunction[39m [33
mOnboardingSignup[39m(
) {
 [90m 12 |[39m   
[36mconst[39m router 
[33m=[39m useRouter()
[33m;[39m[0m

The export register 
was not found in 
module [project]/Downlo
ads/website/website/uti
ls/authClient.js 
[app-client] 
(ecmascript).
Did you mean to import 
registerUser?
All exports of the 
module are statically 
known (It doesn't have 
dynamic exports). So 
it's known statically 
that the requested 
export doesn't exist.

Import traces:
  Client Component 
Browser:
    ./Downloads/website
/website/app/onboarding
/signup/page.js 
[Client Component 
Browser]
    ./Downloads/website
/website/app/onboarding
/signup/page.js 
[Server Component]

  Client Component SSR:
    ./Downloads/website
/website/app/onboarding
/signup/page.js 
[Client Component SSR]
    ./Downloads/website
/website/app/onboarding
/signup/page.js 
[Server Component]


./Downloads/website/web
site/app/onboarding/sig
nup/page.js:9:1
Export register 
doesn't exist in 
target module
[0m [90m  7 |[39m 
[36mimport[39m 
[33mButton[39m 
[36mfrom[39m [32m'@/
components/UI/Button'[
39m[33m;[39m
 [90m  8 |[39m 
[36mimport[39m 
useCareerStore 
[36mfrom[39m [32m'@/
store/careerStore'[39m
[33m;[39m
[31m[1m>[22m[39m[9
0m  9 |[39m 
[36mimport[39m { 
register[33m,[39m set
AccessToken[33m,[39m 
updateProfile } 
[36mfrom[39m [32m'@/
utils/authClient'[39m
[33m;[39m
 [90m    |[39m [31m
[1m^[22m[39m[31m[1m
^[22m[39m[31m[1m^[
22m[39m[31m[1m^[22m
[39m[31m[1m^[22m[3
9m[31m[1m^[22m[39m
[31m[1m^[22m[39m[31
m[1m^[22m[39m[31m[
1m^[22m[39m[31m[1m^
[22m[39m[31m[1m^[2
2m[39m[31m[1m^[22m
[39m[31m[1m^[22m[39
m[31m[1m^[22m[39m[
31m[1m^[22m[39m[31m
[1m^[22m[39m[31m[1
m^[22m[39m[31m[1m^
[22m[39m[31m[1m^[22
m[39m[31m[1m^[22m[
39m[31m[1m^[22m[39m
[31m[1m^[22m[39m[3
1m[1m^[22m[39m[31m
[1m^[22m[39m[31m[1m
^[22m[39m[31m[1m^[
22m[39m[31m[1m^[22m
[39m[31m[1m^[22m[3
9m[31m[1m^[22m[39m
[31m[1m^[22m[39m[31
m[1m^[22m[39m[31m[
1m^[22m[39m[31m[1m^
[22m[39m[31m[1m^[2
2m[39m[31m[1m^[22m
[39m[31m[1m^[22m[39
m[31m[1m^[22m[39m[
31m[1m^[22m[39m[31m
[1m^[22m[39m[31m[1
m^[22m[39m[31m[1m^
[22m[39m[31m[1m^[22
m[39m[31m[1m^[22m[
39m[31m[1m^[22m[39m
[31m[1m^[22m[39m[3
1m[1m^[22m[39m[31m
[1m^[22m[39m[31m[1m
^[22m[39m[31m[1m^[
22m[39m[31m[1m^[22m
[39m[31m[1m^[22m[3
9m[31m[1m^[22m[39m
[31m[1m^[22m[39m[31
m[1m^[22m[39m[31m[
1m^[22m[39m[31m[1m^
[22m[39m[31m[1m^[2
2m[39m[31m[1m^[22m
[39m[31m[1m^[22m[39
m[31m[1m^[22m[39m[
31m[1m^[22m[39m[31m
[1m^[22m[39m[31m[1
m^[22m[39m[31m[1m^
[22m[39m[31m[1m^[22
m[39m[31m[1m^[22m[
39m[31m[1m^[22m[39m
[31m[1m^[22m[39m[3
1m[1m^[22m[39m[31m
[1m^[22m[39m[31m[1m
^[22m[39m[31m[1m^[
22m[39m[31m[1m^[22m
[39m[31m[1m^[22m[3
9m[31m[1m^[22m[39m
[31m[1m^[22m[39m[31
m[1m^[22m[39m
 [90m 10 |[39m
 [90m 11 |[39m 
[36mexport[39m 
[36mdefault[39m 
[36mfunction[39m [33
mOnboardingSignup[39m(
) {
 [90m 12 |[39m   
[36mconst[39m router 
[33m=[39m useRouter()
[33m;[39m[0m

The export register 
was not found in 
module [project]/Downlo
ads/website/website/uti
ls/authClient.js 
[app-ssr] (ecmascript).
Did you mean to import 
registerUser?
All exports of the 
module are statically 
known (It doesn't have 
dynamic exports). So 
it's known statically 
that the requested 
export doesn't exist.

Import traces:
  Client Component 
Browser:
    ./Downloads/website
/website/app/onboarding
/signup/page.js 
[Client Component 
Browser]
    ./Downloads/website
/website/app/onboarding
/signup/page.js 
[Server Component]

  Client Component SSR:
    ./Downloads/website
/website/app/onboarding
/signup/page.js 
[Client Component SSR]
    ./Downloads/website
/website/app/onboarding
/signup/page.js 
[Server Component]


./Downloads/website/web
site/app/onboarding/sig
nup/page.js:9:1
Export setAccessToken 
doesn't exist in 
target module
[0m [90m  7 |[39m 
[36mimport[39m 
[33mButton[39m 
[36mfrom[39m [32m'@/
components/UI/Button'[
39m[33m;[39m
 [90m  8 |[39m 
[36mimport[39m 
useCareerStore 
[36mfrom[39m [32m'@/
store/careerStore'[39m
[33m;[39m
[31m[1m>[22m[39m[9
0m  9 |[39m 
[36mimport[39m { 
register[33m,[39m set
AccessToken[33m,[39m 
updateProfile } 
[36mfrom[39m [32m'@/
utils/authClient'[39m
[33m;[39m
 [90m    |[39m [31m
[1m^[22m[39m[31m[1m
^[22m[39m[31m[1m^[
22m[39m[31m[1m^[22m
[39m[31m[1m^[22m[3
9m[31m[1m^[22m[39m
[31m[1m^[22m[39m[31
m[1m^[22m[39m[31m[
1m^[22m[39m[31m[1m^
[22m[39m[31m[1m^[2
2m[39m[31m[1m^[22m
[39m[31m[1m^[22m[39
m[31m[1m^[22m[39m[
31m[1m^[22m[39m[31m
[1m^[22m[39m[31m[1
m^[22m[39m[31m[1m^
[22m[39m[31m[1m^[22
m[39m[31m[1m^[22m[
39m[31m[1m^[22m[39m
[31m[1m^[22m[39m[3
1m[1m^[22m[39m[31m
[1m^[22m[39m[31m[1m
^[22m[39m[31m[1m^[
22m[39m[31m[1m^[22m
[39m[31m[1m^[22m[3
9m[31m[1m^[22m[39m
[31m[1m^[22m[39m[31
m[1m^[22m[39m[31m[
1m^[22m[39m[31m[1m^
[22m[39m[31m[1m^[2
2m[39m[31m[1m^[22m
[39m[31m[1m^[22m[39
m[31m[1m^[22m[39m[
31m[1m^[22m[39m[31m
[1m^[22m[39m[31m[1
m^[22m[39m[31m[1m^
[22m[39m[31m[1m^[22
m[39m[31m[1m^[22m[
39m[31m[1m^[22m[39m
[31m[1m^[22m[39m[3
1m[1m^[22m[39m[31m
[1m^[22m[39m[31m[1m
^[22m[39m[31m[1m^[
22m[39m[31m[1m^[22m
[39m[31m[1m^[22m[3
9m[31m[1m^[22m[39m
[31m[1m^[22m[39m[31
m[1m^[22m[39m[31m[
1m^[22m[39m[31m[1m^
[22m[39m[31m[1m^[2
2m[39m[31m[1m^[22m
[39m[31m[1m^[22m[39
m[31m[1m^[22m[39m[
31m[1m^[22m[39m[31m
[1m^[22m[39m[31m[1
m^[22m[39m[31m[1m^
[22m[39m[31m[1m^[22
m[39m[31m[1m^[22m[
39m[31m[1m^[22m[39m
[31m[1m^[22m[39m[3
1m[1m^[22m[39m[31m
[1m^[22m[39m[31m[1m
^[22m[39m[31m[1m^[
22m[39m[31m[1m^[22m
[39m[31m[1m^[22m[3
9m[31m[1m^[22m[39m
[31m[1m^[22m[39m[31
m[1m^[22m[39m
 [90m 10 |[39m
 [90m 11 |[39m 
[36mexport[39m 
[36mdefault[39m 
[36mfunction[39m [33
mOnboardingSignup[39m(
) {
 [90m 12 |[39m   
[36mconst[39m router 
[33m=[39m useRouter()
[33m;[39m[0m

The export 
setAccessToken was not 
found in module [projec
t]/Downloads/website/we
bsite/utils/authClient.
js [app-client] 
(ecmascript).
Did you mean to import 
saveChatMessage?
All exports of the 
module are statically 
known (It doesn't have 
dynamic exports). So 
it's known statically 
that the requested 
export doesn't exist.

Import traces:
  Client Component 
Browser:
    ./Downloads/website
/website/app/onboarding
/signup/page.js 
[Client Component 
Browser]
    ./Downloads/website
/website/app/onboarding
/signup/page.js 
[Server Component]

  Client Component SSR:
    ./Downloads/website
/website/app/onboarding
/signup/page.js 
[Client Component SSR]
    ./Downloads/website
/website/app/onboarding
/signup/page.js 
[Server Component]


./Downloads/website/web
site/app/onboarding/sig
nup/page.js:9:1
Export setAccessToken 
doesn't exist in 
target module
[0m [90m  7 |[39m 
[36mimport[39m 
[33mButton[39m 
[36mfrom[39m [32m'@/
components/UI/Button'[
39m[33m;[39m
 [90m  8 |[39m 
[36mimport[39m 
useCareerStore 
[36mfrom[39m [32m'@/
store/careerStore'[39m
[33m;[39m
[31m[1m>[22m[39m[9
0m  9 |[39m 
[36mimport[39m { 
register[33m,[39m set
AccessToken[33m,[39m 
updateProfile } 
[36mfrom[39m [32m'@/
utils/authClient'[39m
[33m;[39m
 [90m    |[39m [31m
[1m^[22m[39m[31m[1m
^[22m[39m[31m[1m^[
22m[39m[31m[1m^[22m
[39m[31m[1m^[22m[3
9m[31m[1m^[22m[39m
[31m[1m^[22m[39m[31
m[1m^[22m[39m[31m[
1m^[22m[39m[31m[1m^
[22m[39m[31m[1m^[2
2m[39m[31m[1m^[22m
[39m[31m[1m^[22m[39
m[31m[1m^[22m[39m[
31m[1m^[22m[39m[31m
[1m^[22m[39m[31m[1
m^[22m[39m[31m[1m^
[22m[39m[31m[1m^[22
m[39m[31m[1m^[22m[
39m[31m[1m^[22m[39m
[31m[1m^[22m[39m[3
1m[1m^[22m[39m[31m
[1m^[22m[39m[31m[1m
^[22m[39m[31m[1m^[
22m[39m[31m[1m^[22m
[39m[31m[1m^[22m[3
9m[31m[1m^[22m[39m
[31m[1m^[22m[39m[31
m[1m^[22m[39m[31m[
1m^[22m[39m[31m[1m^
[22m[39m[31m[1m^[2
2m[39m[31m[1m^[22m
[39m[31m[1m^[22m[39
m[31m[1m^[22m[39m[
31m[1m^[22m[39m[31m
[1m^[22m[39m[31m[1
m^[22m[39m[31m[1m^
[22m[39m[31m[1m^[22
m[39m[31m[1m^[22m[
39m[31m[1m^[22m[39m
[31m[1m^[22m[39m[3
1m[1m^[22m[39m[31m
[1m^[22m[39m[31m[1m
^[22m[39m[31m[1m^[
22m[39m[31m[1m^[22m
[39m[31m[1m^[22m[3
9m[31m[1m^[22m[39m
[31m[1m^[22m[39m[31
m[1m^[22m[39m[31m[
1m^[22m[39m[31m[1m^
[22m[39m[31m[1m^[2
2m[39m[31m[1m^[22m
[39m[31m[1m^[22m[39
m[31m[1m^[22m[39m[
31m[1m^[22m[39m[31m
[1m^[22m[39m[31m[1
m^[22m[39m[31m[1m^
[22m[39m[31m[1m^[22
m[39m[31m[1m^[22m[
39m[31m[1m^[22m[39m
[31m[1m^[22m[39m[3
1m[1m^[22m[39m[31m
[1m^[22m[39m[31m[1m
^[22m[39m[31m[1m^[
22m[39m[31m[1m^[22m
[39m[31m[1m^[22m[3
9m[31m[1m^[22m[39m
[31m[1m^[22m[39m[31
m[1m^[22m[39m
 [90m 10 |[39m
 [90m 11 |[39m 
[36mexport[39m 
[36mdefault[39m 
[36mfunction[39m [33
mOnboardingSignup[39m(
) {
 [90m 12 |[39m   
[36mconst[39m router 
[33m=[39m useRouter()
[33m;[39m[0m

The export 
setAccessToken was not 
found in module [projec
t]/Downloads/website/we
bsite/utils/authClient.
js [app-ssr] 
(ecmascript).
Did you mean to import 
saveChatMessage?
All exports of the 
module are statically 
known (It doesn't have 
dynamic exports). So 
it's known statically 
that the requested 
export doesn't exist.

Import traces:
  Client Component 
Browser:
    ./Downloads/website
/website/app/onboarding
/signup/page.js 
[Client Component 
Browser]
    ./Downloads/website
/website/app/onboarding
/signup/page.js 
[Server Component]

  Client Component SSR:
    ./Downloads/website
/website/app/onboarding
/signup/page.js 
[Client Component SSR]
    ./Downloads/website
/website/app/onboarding
/signup/page.js 
[Server Component]


    at <unknown> (./Dow
nloads/website/website/
app/profile/page.js:8:1
)
    at <unknown> (./Dow
nloads/website/website/
app/profile/page.js:8:1
)
    at <unknown> (./Dow
nloads/website/website/
app/profile/page.js:8:1
)
    at <unknown> (./Dow
nloads/website/website/
app/profile/page.js:8:1
)
    at <unknown> (./Dow
nloads/website/website/
app/profile/page.js:8:1
)
    at <unknown> (./Dow
nloads/website/website/
app/profile/page.js:8:1
)
    at <unknown> (./Dow
nloads/website/website/
app/onboarding/signup/p
age.js:9:1)
    at <unknown> (./Dow
nloads/website/website/
app/onboarding/signup/p
age.js:9:1)
    at <unknown> (./Dow
nloads/website/website/
app/onboarding/signup/p
age.js:9:1)
    at <unknown> (./Dow
nloads/website/website/
app/onboarding/signup/p
age.js:9:1)
